mkdir -p build
/home/llx/tools/riscv/rv32ima/bin/riscv32-unknown-elf-gcc -Os -march=rv32im -mabi=ilp32 -nostartfiles -Iapp -Tapp/link.ld -o build/main.elf app/crt0.s app/*.c *.c
make initf
make[1]: Entering directory '/home/llx/CFU-Proving-Ground'
/home/llx/tools/riscv/rv32ima/bin/riscv32-unknown-elf-objdump -D build/main.elf > build/main.dump
/home/llx/tools/riscv/rv32ima/bin/riscv32-unknown-elf-objcopy -O binary --only-section=.text build/main.elf build/memi.bin.tmp; \
/home/llx/tools/riscv/rv32ima/bin/riscv32-unknown-elf-objcopy -O binary --only-section=.data \
					 --only-section=.rodata \
					 --only-section=.bss \
					 build/main.elf build/memd.bin.tmp; \
for suf in i d; do \
	if [ "$suf" = "i" ]; then \
		mem_size=32768; \
	else \
		mem_size=16384; \
	fi; \
	dd if=build/mem$suf.bin.tmp of=build/mem$suf.bin conv=sync bs=$mem_size; \
	rm -f build/mem$suf.bin.tmp; \
	hexdump -v -e '1/4 "%08x\n"' build/mem$suf.bin > build/mem$suf.32.hex; \
	tmp_IFS=$IFS; IFS= ; \
	cnt=0; \
	{ \
		echo "initial begin"; \
		while read -r line; do \
			echo "    ${suf}mem[$cnt] = 32'h$line;"; \
			cnt=$((cnt + 1)); \
		done < build/mem$suf.32.hex; \
		echo "end"; \
	} > mem$suf.txt; \
	IFS=$tmp_IFS; \
done
0+1 records in
1+0 records out
32768 bytes (33 kB, 32 KiB) copied, 8.4817e-05 s, 386 MB/s
0+1 records in
1+0 records out
16384 bytes (16 kB, 16 KiB) copied, 0.0001322 s, 124 MB/s
make[1]: Leaving directory '/home/llx/CFU-Proving-Ground'
verilator --binary --trace --top-module top --Wno-WIDTHTRUNC --Wno-WIDTHEXPAND -o top *.v
make[1]: Entering directory '/home/llx/CFU-Proving-Ground/obj_dir'
g++ -Os  -I.  -MMD -I/usr/share/verilator/include -I/usr/share/verilator/include/vltstd -DVM_COVERAGE=0 -DVM_SC=0 -DVM_TRACE=1 -DVM_TRACE_FST=0 -DVM_TRACE_VCD=1 -faligned-new -fcf-protection=none -Wno-bool-operation -Wno-overloaded-virtual -Wno-shadow -Wno-sign-compare -Wno-uninitialized -Wno-unused-but-set-parameter -Wno-unused-but-set-variable -Wno-unused-parameter -Wno-unused-variable     -DVL_TIME_CONTEXT   -fcoroutines -c -o verilated.o /usr/share/verilator/include/verilated.cpp
g++ -Os  -I.  -MMD -I/usr/share/verilator/include -I/usr/share/verilator/include/vltstd -DVM_COVERAGE=0 -DVM_SC=0 -DVM_TRACE=1 -DVM_TRACE_FST=0 -DVM_TRACE_VCD=1 -faligned-new -fcf-protection=none -Wno-bool-operation -Wno-overloaded-virtual -Wno-shadow -Wno-sign-compare -Wno-uninitialized -Wno-unused-but-set-parameter -Wno-unused-but-set-variable -Wno-unused-parameter -Wno-unused-variable     -DVL_TIME_CONTEXT   -fcoroutines -c -o verilated_vcd_c.o /usr/share/verilator/include/verilated_vcd_c.cpp
g++ -Os  -I.  -MMD -I/usr/share/verilator/include -I/usr/share/verilator/include/vltstd -DVM_COVERAGE=0 -DVM_SC=0 -DVM_TRACE=1 -DVM_TRACE_FST=0 -DVM_TRACE_VCD=1 -faligned-new -fcf-protection=none -Wno-bool-operation -Wno-overloaded-virtual -Wno-shadow -Wno-sign-compare -Wno-uninitialized -Wno-unused-but-set-parameter -Wno-unused-but-set-variable -Wno-unused-parameter -Wno-unused-variable     -DVL_TIME_CONTEXT   -fcoroutines -c -o verilated_timing.o /usr/share/verilator/include/verilated_timing.cpp
g++ -Os  -I.  -MMD -I/usr/share/verilator/include -I/usr/share/verilator/include/vltstd -DVM_COVERAGE=0 -DVM_SC=0 -DVM_TRACE=1 -DVM_TRACE_FST=0 -DVM_TRACE_VCD=1 -faligned-new -fcf-protection=none -Wno-bool-operation -Wno-overloaded-virtual -Wno-shadow -Wno-sign-compare -Wno-uninitialized -Wno-unused-but-set-parameter -Wno-unused-but-set-variable -Wno-unused-parameter -Wno-unused-variable     -DVL_TIME_CONTEXT   -fcoroutines -c -o verilated_threads.o /usr/share/verilator/include/verilated_threads.cpp
/usr/bin/python3 /usr/share/verilator/bin/verilator_includer -DVL_INCLUDE_OPT=include Vtop.cpp Vtop___024root__DepSet_h84412442__0.cpp Vtop___024root__DepSet_heccd7ead__0.cpp Vtop__main.cpp Vtop__Trace__0.cpp Vtop__ConstPool_0.cpp Vtop___024root__Slow.cpp Vtop___024root__DepSet_h84412442__0__Slow.cpp Vtop___024root__DepSet_heccd7ead__0__Slow.cpp Vtop__Syms.cpp Vtop__Trace__0__Slow.cpp Vtop__TraceDecls__0__Slow.cpp > Vtop__ALL.cpp
g++ -Os  -I.  -MMD -I/usr/share/verilator/include -I/usr/share/verilator/include/vltstd -DVM_COVERAGE=0 -DVM_SC=0 -DVM_TRACE=1 -DVM_TRACE_FST=0 -DVM_TRACE_VCD=1 -faligned-new -fcf-protection=none -Wno-bool-operation -Wno-overloaded-virtual -Wno-shadow -Wno-sign-compare -Wno-uninitialized -Wno-unused-but-set-parameter -Wno-unused-but-set-variable -Wno-unused-parameter -Wno-unused-variable     -DVL_TIME_CONTEXT   -fcoroutines -c -o Vtop__ALL.o Vtop__ALL.cpp
echo "" > Vtop__ALL.verilator_deplist.tmp
Archive ar -rcs Vtop__ALL.a Vtop__ALL.o
g++     verilated.o verilated_vcd_c.o verilated_timing.o verilated_threads.o Vtop__ALL.a    -pthread -lpthread -latomic   -o top
rm Vtop__ALL.verilator_deplist.tmp
make[1]: Leaving directory '/home/llx/CFU-Proving-Ground/obj_dir'
gcc -O2 dispemu/dispemu.c -o build/dispemu -lcairo -lX11
